Script started on Tue Dec 30 15:21:50 2014
[?1034hbash-3.2$ yo angular:view register
[32m   create[39m app/views/register.html
bash-3.2$ cat app/views/register.html
<p>This is the register view.</p>
bash-3.2$ mkd[K[K[Kcd ./.tmp
bash-3.2$ ls -la
total 0
drwxr-xr-x   3 psenger  staff  102 Dec 30 15:22 .
drwxr-xr-x  18 psenger  staff  612 Dec 30 15:22 ..
drwxr-xr-x   3 psenger  staff  102 Dec 30 15:22 styles
bash-3.2$ exit[K[K[K[Kcd 
bash-3.2$ cd Documents/
bash-3.2$ cd Dev
bash-3.2$ yo [K[K[Kpwd
/Users/psenger/Documents/Dev
bash-3.2$ cd ps_jwt/
bash-3.2$ yo install angular-ui-router
Error install angular-ui-router 

You don't seem to have a generator with the name install installed.
[1mYou can see available generators with npm search yeoman-generator[22m[1m and then install them with npm install [name][22m.
To see the 15 registered generators run yo with the `--help` option.
bash-3.2$ bower install angular-ui-router -save
bower [36mcached       [39m git://github.com/angular-ui/ui-router.git#0.2.13
bower [36mvalidate     [39m 0.2.13 against git://github.com/angular-ui/ui-router.git#*
bower [36minstall      [39m angular-ui-router#0.2.13

angular-ui-router#0.2.13 bower_components/angular-ui-router
â””â”€â”€ angular#1.3.8
bash-3.2$ yo angular:directouv[K[K[Kive sameas[K[KeAs
[32m   create[39m app/scripts/directives/sameeas.js
[32m   create[39m test/spec/directives/sameeas.js
bash-3.2$ CAT[K[K[Kcat app/scripts/directives/sameeas.js
'use strict';

/**
 * @ngdoc directive
 * @name psJwtApp.directive:sameeAs
 * @description
 * # sameeAs
 */
angular.module('psJwtApp')
  .directive('sameeAs', function () {
    return {
      template: '<div></div>',
      restrict: 'E',
      link: function postLink(scope, element, attrs) {
        element.text('this is the sameeAs directive');
      }
    };
  });
bash-3.2$ cat test/spec/directives/sameeas.js
'use strict';

describe('Directive: sameeAs', function () {

  // load the directive's module
  beforeEach(module('psJwtApp'));

  var element,
    scope;

  beforeEach(inject(function ($rootScope) {
    scope = $rootScope.$new();
  }));

  it('should make hidden element visible', inject(function ($compile) {
    element = angular.element('<samee-as></samee-as>');
    element = $compile(element)(scope);
    expect(element.text()).toBe('this is the sameeAs directive');
  }));
});
bash-3.2$ exit
exit

Script done on Tue Dec 30 17:18:20 2014
